// Jest Snapshot v1, https://goo.gl/fbAQLP

exports[`Proper rendering of props 1`] = `
"|Event Name|Description|Parameters|
====================================
|click|Fire when the button is clicked|true when it appears, and false otherwise|
"
`;
