// Jest Snapshot v1, https://goo.gl/fbAQLP

exports[`Proper rendering of the table header 1`] = `
"|Name|Description|Type|Required|Default|
=========================================
"
`;
